B

C

B

A

B

B

B

B
C
D

A

A

E

A

A

B

B

A

B

A

C

C

C

C

A

B

B
C

A

B

C

A
B

C

B

A

B
C

A

A

A
D
E

A

A

A

B

B
C

A

A

B

A

A
B

A
C

A
B

A
D

B

A

A

A

D

B

A
B
C

C

A

C

B

A

B

B

E

A
B
C

A

A
C
E

A

C

C

E

A

E

A

A

A
D

A

C

D

A

A
C
D
E

B

A

C

B

A
C

A

A

A

A
B

A

D

A

A

A

A

D

B

A

A
