NOT BICOLORABLE.
NOT BICOLORABLE.
NOT BICOLORABLE.
NOT BICOLORABLE.
NOT BICOLORABLE.
NOT BICOLORABLE.
NOT BICOLORABLE.
NOT BICOLORABLE.
NOT BICOLORABLE.
NOT BICOLORABLE.
BICOLORABLE.
NOT BICOLORABLE.
BICOLORABLE.
NOT BICOLORABLE.
NOT BICOLORABLE.
NOT BICOLORABLE.
BICOLORABLE.
NOT BICOLORABLE.
NOT BICOLORABLE.
BICOLORABLE.
NOT BICOLORABLE.
NOT BICOLORABLE.
NOT BICOLORABLE.
NOT BICOLORABLE.
NOT BICOLORABLE.
NOT BICOLORABLE.
NOT BICOLORABLE.
NOT BICOLORABLE.
NOT BICOLORABLE.
NOT BICOLORABLE.
NOT BICOLORABLE.
BICOLORABLE.
BICOLORABLE.
NOT BICOLORABLE.
NOT BICOLORABLE.
NOT BICOLORABLE.
BICOLORABLE.
NOT BICOLORABLE.
NOT BICOLORABLE.
NOT BICOLORABLE.
NOT BICOLORABLE.
NOT BICOLORABLE.
NOT BICOLORABLE.
BICOLORABLE.
NOT BICOLORABLE.
NOT BICOLORABLE.
NOT BICOLORABLE.
NOT BICOLORABLE.
NOT BICOLORABLE.
NOT BICOLORABLE.
NOT BICOLORABLE.
NOT BICOLORABLE.
NOT BICOLORABLE.
NOT BICOLORABLE.
NOT BICOLORABLE.
BICOLORABLE.
NOT BICOLORABLE.
NOT BICOLORABLE.
BICOLORABLE.
NOT BICOLORABLE.
NOT BICOLORABLE.
NOT BICOLORABLE.
NOT BICOLORABLE.
NOT BICOLORABLE.
NOT BICOLORABLE.
NOT BICOLORABLE.
NOT BICOLORABLE.
NOT BICOLORABLE.
NOT BICOLORABLE.
NOT BICOLORABLE.
NOT BICOLORABLE.
NOT BICOLORABLE.
NOT BICOLORABLE.
BICOLORABLE.
NOT BICOLORABLE.
NOT BICOLORABLE.
NOT BICOLORABLE.
BICOLORABLE.
NOT BICOLORABLE.
NOT BICOLORABLE.
NOT BICOLORABLE.
NOT BICOLORABLE.
NOT BICOLORABLE.
BICOLORABLE.
NOT BICOLORABLE.
NOT BICOLORABLE.
NOT BICOLORABLE.
NOT BICOLORABLE.
NOT BICOLORABLE.
NOT BICOLORABLE.
NOT BICOLORABLE.
BICOLORABLE.
NOT BICOLORABLE.
NOT BICOLORABLE.
NOT BICOLORABLE.
NOT BICOLORABLE.
NOT BICOLORABLE.
NOT BICOLORABLE.
NOT BICOLORABLE.
NOT BICOLORABLE.
